[    0.000000] Initializing cgroup subsys cpuset
[    0.000000] Initializing cgroup subsys cpu
[    0.000000] Initializing cgroup subsys cpuacct
[    0.000000] Linux version 4.4.0-210-generic (buildd@lgw01-amd64-009) (gcc version 5.4.0 20160609 (Ubuntu 5.4.0-6ubuntu1~16.04.12) ) #242-Ubuntu SMP Fri Apr 16 09:57:56 UTC 2021 (Ubuntu 4.4.0-210.242-generic 4.4.262)
[    0.000000] Command line: BOOT_IMAGE=/boot/vmlinuz-4.4.0-210-generic root=LABEL=cloudimg-rootfs ro console=tty1 console=ttyS0
[    0.000000] KERNEL supported cpus:
[    0.000000]   Intel GenuineIntel
[    0.000000]   AMD AuthenticAMD
[    0.000000]   Centaur CentaurHauls
[    0.000000] x86/fpu: xstate_offset[2]:  576, xstate_sizes[2]:  256
[    0.000000] x86/fpu: Supporting XSAVE feature 0x01: 'x87 floating point registers'
[    0.000000] x86/fpu: Supporting XSAVE feature 0x02: 'SSE registers'
[    0.000000] x86/fpu: Supporting XSAVE feature 0x04: 'AVX registers'
[    0.000000] x86/fpu: Enabled xstate features 0x7, context size is 832 bytes, using 'standard' format.
[    0.000000] e820: BIOS-provided physical RAM map:
[    0.000000] BIOS-e820: [mem 0x0000000000000000-0x000000000009fbff] usable
[    0.000000] BIOS-e820: [mem 0x000000000009fc00-0x000000000009ffff] reserved
[    0.000000] BIOS-e820: [mem 0x00000000000f0000-0x00000000000fffff] reserved
[    0.000000] BIOS-e820: [mem 0x0000000000100000-0x000000003ffeffff] usable
[    0.000000] BIOS-e820: [mem 0x000000003fff0000-0x000000003fffffff] ACPI data
[    0.000000] BIOS-e820: [mem 0x00000000fec00000-0x00000000fec00fff] reserved
[    0.000000] BIOS-e820: [mem 0x00000000fee00000-0x00000000fee00fff] reserved
[    0.000000] BIOS-e820: [mem 0x00000000fffc0000-0x00000000ffffffff] reserved
[    0.000000] NX (Execute Disable) protection: active
[    0.000000] SMBIOS 2.5 present.
[    0.000000] Hypervisor detected: KVM
[    0.000000] e820: last_pfn = 0x3fff0 max_arch_pfn = 0x400000000
[    0.000000] MTRR: Disabled
[    0.000000] x86/PAT: MTRRs disabled, skipping PAT initialization too.
[    0.000000] CPU MTRRs all blank - virtualized system.
[    0.000000] x86/PAT: Configuration [0-7]: WB  WT  UC- UC  WB  WT  UC- UC  
[    0.000000] found SMP MP-table at [mem 0x0009fff0-0x0009ffff] mapped at [ffff88000009fff0]
[    0.000000] Scanning 1 areas for low memory corruption
[    0.000000] RAMDISK: [mem 0x362dc000-0x37165fff]
[    0.000000] ACPI: Early table checksum verification disabled
[    0.000000] ACPI: RSDP 0x00000000000E0000 000024 (v02 VBOX  )
[    0.000000] ACPI: XSDT 0x000000003FFF0030 00003C (v01 VBOX   VBOXXSDT 00000001 ASL  00000061)
[    0.000000] ACPI: FACP 0x000000003FFF00F0 0000F4 (v04 VBOX   VBOXFACP 00000001 ASL  00000061)
[    0.000000] ACPI: DSDT 0x000000003FFF0470 002325 (v02 VBOX   VBOXBIOS 00000002 INTL 20190509)
[    0.000000] ACPI: FACS 0x000000003FFF0200 000040
[    0.000000] ACPI: FACS 0x000000003FFF0200 000040
[    0.000000] ACPI: APIC 0x000000003FFF0240 000054 (v02 VBOX   VBOXAPIC 00000001 ASL  00000061)
[    0.000000] ACPI: SSDT 0x000000003FFF02A0 0001CC (v01 VBOX   VBOXCPUT 00000002 INTL 20190509)
[    0.000000] No NUMA configuration found
[    0.000000] Faking a node at [mem 0x0000000000000000-0x000000003ffeffff]
[    0.000000] NODE_DATA(0) allocated [mem 0x3ffeb000-0x3ffeffff]
[    0.000000] kvm-clock: Using msrs 4b564d01 and 4b564d00
[    0.000000] kvm-clock: cpu 0, msr 0:3ffe3001, primary cpu clock
[    0.000000] kvm-clock: using sched offset of 5066333777 cycles
[    0.000000] clocksource: kvm-clock: mask: 0xffffffffffffffff max_cycles: 0x1cd42e4dffb, max_idle_ns: 881590591483 ns
[    0.000000] Zone ranges:
[    0.000000]   DMA      [mem 0x0000000000001000-0x0000000000ffffff]
[    0.000000]   DMA32    [mem 0x0000000001000000-0x000000003ffeffff]
[    0.000000]   Normal   empty
[    0.000000]   Device   empty
[    0.000000] Movable zone start for each node
[    0.000000] Early memory node ranges
[    0.000000]   node   0: [mem 0x0000000000001000-0x000000000009efff]
[    0.000000]   node   0: [mem 0x0000000000100000-0x000000003ffeffff]
[    0.000000] Initmem setup node 0 [mem 0x0000000000001000-0x000000003ffeffff]
[    0.000000] ACPI: PM-Timer IO Port: 0x4008
[    0.000000] IOAPIC[0]: apic_id 1, version 32, address 0xfec00000, GSI 0-23
[    0.000000] ACPI: INT_SRC_OVR (bus 0 bus_irq 0 global_irq 2 dfl dfl)
[    0.000000] ACPI: INT_SRC_OVR (bus 0 bus_irq 9 global_irq 9 low level)
[    0.000000] Using ACPI (MADT) for SMP configuration information
[    0.000000] smpboot: Allowing 1 CPUs, 0 hotplug CPUs
[    0.000000] PM: Registered nosave memory: [mem 0x00000000-0x00000fff]
[    0.000000] PM: Registered nosave memory: [mem 0x0009f000-0x0009ffff]
[    0.000000] PM: Registered nosave memory: [mem 0x000a0000-0x000effff]
[    0.000000] PM: Registered nosave memory: [mem 0x000f0000-0x000fffff]
[    0.000000] e820: [mem 0x40000000-0xfebfffff] available for PCI devices
[    0.000000] Booting paravirtualized kernel on KVM
[    0.000000] clocksource: refined-jiffies: mask: 0xffffffff max_cycles: 0xffffffff, max_idle_ns: 7645519600211568 ns
[    0.000000] setup_percpu: NR_CPUS:512 nr_cpumask_bits:512 nr_cpu_ids:1 nr_node_ids:1
[    0.000000] PERCPU: Embedded 33 pages/cpu @ffff88003fc00000 s95192 r8192 d31784 u2097152
[    0.000000] Built 1 zonelists in Node order, mobility grouping on.  Total pages: 257912
[    0.000000] Policy zone: DMA32
[    0.000000] Kernel command line: BOOT_IMAGE=/boot/vmlinuz-4.4.0-210-generic root=LABEL=cloudimg-rootfs ro console=tty1 console=ttyS0
[    0.000000] PID hash table entries: 4096 (order: 3, 32768 bytes)
[    0.000000] Memory: 997924K/1048120K available (8644K kernel code, 1332K rwdata, 4044K rodata, 1492K init, 1164K bss, 50196K reserved, 0K cma-reserved)
[    0.000000] SLUB: HWalign=64, Order=0-3, MinObjects=0, CPUs=1, Nodes=1
[    0.000000] Kernel/User page tables isolation: enabled
[    0.000000] Hierarchical RCU implementation.
[    0.000000] 	Build-time adjustment of leaf fanout to 64.
[    0.000000] 	RCU restricting CPUs from NR_CPUS=512 to nr_cpu_ids=1.
[    0.000000] RCU: Adjusting geometry for rcu_fanout_leaf=64, nr_cpu_ids=1
[    0.000000] NR_IRQS:33024 nr_irqs:256 16
[    0.000000] Console: colour VGA+ 80x25
[    0.000000] console [tty1] enabled
[    0.000000] console [ttyS0] enabled
[    0.000000] tsc: Detected 3256.080 MHz processor
[    0.178899] Calibrating delay loop (skipped) preset value.. 6512.16 BogoMIPS (lpj=13024320)
[    0.180874] pid_max: default: 32768 minimum: 301
[    0.182219] ACPI: Core revision 20150930
[    0.184246] ACPI: 2 ACPI AML tables successfully acquired and loaded
[    0.186056] Security Framework initialized
[    0.187178] Yama: becoming mindful.
[    0.188191] AppArmor: AppArmor initialized
[    0.189382] Dentry cache hash table entries: 131072 (order: 8, 1048576 bytes)
[    0.192337] Inode-cache hash table entries: 65536 (order: 7, 524288 bytes)
[    0.194497] Mount-cache hash table entries: 2048 (order: 2, 16384 bytes)
[    0.196589] Mountpoint-cache hash table entries: 2048 (order: 2, 16384 bytes)
[    0.198489] Initializing cgroup subsys io
[    0.199921] Initializing cgroup subsys memory
[    0.201105] Initializing cgroup subsys devices
[    0.202309] Initializing cgroup subsys freezer
[    0.203500] Initializing cgroup subsys net_cls
[    0.204698] Initializing cgroup subsys perf_event
[    0.205947] Initializing cgroup subsys net_prio
[    0.207363] Initializing cgroup subsys hugetlb
[    0.208560] Initializing cgroup subsys pids
[    0.209777] mce: CPU supports 0 MCE banks
[    0.211082] process: using mwait in idle threads
[    0.212321] Last level iTLB entries: 4KB 512, 2MB 8, 4MB 8
[    0.213716] Last level dTLB entries: 4KB 512, 2MB 32, 4MB 32, 1GB 0
[    0.215455] Spectre V1 : Mitigation: usercopy/swapgs barriers and __user pointer sanitization
[    0.217648] Spectre V2 : Mitigation: Full generic retpoline
[    0.219188] Spectre V2 : Spectre v2 / SpectreRSB mitigation: Filling RSB on context switch
[    0.221325] Speculative Store Bypass: Vulnerable
[    0.222361] MDS: Mitigation: Clear CPU buffers
[    0.254080] Freeing SMP alternatives memory: 36K
[    0.261382] ftrace: allocating 32380 entries in 127 pages
[    0.326580] smpboot: APIC(0) Converting physical 0 to logical package 0
[    0.327982] smpboot: Max logical packages: 1
[    0.329085] x2apic enabled
[    0.329932] Switched APIC routing to physical x2apic.
[    0.331900] ..TIMER: vector=0x30 apic1=0 pin1=2 apic2=-1 pin2=-1
[    0.441089] smpboot: CPU0: Intel(R) Core(TM) i3-2120 CPU @ 3.30GHz (family: 0x6, model: 0x2a, stepping: 0x7)
[    0.443254] Performance Events: unsupported p6 CPU model 42 no PMU driver, software events only.
[    0.456091] KVM setup paravirtual spinlock
[    0.457575] x86: Booted up 1 node, 1 CPUs
[    0.458368] smpboot: Total of 1 processors activated (6512.16 BogoMIPS)
[    0.460275] devtmpfs: initialized
[    0.463228] evm: security.selinux
[    0.463971] evm: security.SMACK64
[    0.464775] evm: security.SMACK64EXEC
[    0.465546] evm: security.SMACK64TRANSMUTE
[    0.466389] evm: security.SMACK64MMAP
[    0.467149] evm: security.ima
[    0.467808] evm: security.capability
[    0.468730] clocksource: jiffies: mask: 0xffffffff max_cycles: 0xffffffff, max_idle_ns: 7645041785100000 ns
[    0.470562] futex hash table entries: 256 (order: 2, 16384 bytes)
[    0.471839] pinctrl core: initialized pinctrl subsystem
[    0.473036] RTC time: 16:21:35, date: 11/20/23
[    0.474093] NET: Registered protocol family 16
[    0.475144] cpuidle: using governor ladder
[    0.476072] cpuidle: using governor menu
[    0.476907] PCCT header not found.
[    0.477805] ACPI: bus type PCI registered
[    0.478590] acpiphp: ACPI Hot Plug PCI Controller Driver version: 0.5
[    0.479895] PCI: Using configuration type 1 for base access
[    0.482176] ACPI: Added _OSI(Module Device)
[    0.483229] ACPI: Added _OSI(Processor Device)
[    0.484171] ACPI: Added _OSI(3.0 _SCP Extensions)
[    0.485104] ACPI: Added _OSI(Processor Aggregator Device)
[    0.487003] ACPI: Executed 1 blocks of module-level executable AML code
[    0.490167] ACPI: Interpreter enabled
[    0.491056] ACPI: (supports S0 S5)
[    0.491793] ACPI: Using IOAPIC for interrupt routing
[    0.492864] PCI: Using host bridge windows from ACPI; if necessary, use "pci=nocrs" and report a bug
[    0.498144] ACPI: PCI Root Bridge [PCI0] (domain 0000 [bus 00-ff])
[    0.499336] acpi PNP0A03:00: _OSC: OS supports [ASPM ClockPM Segments MSI]
[    0.501035] acpi PNP0A03:00: _OSC: not requesting OS control; OS requires [ExtendedConfig ASPM ClockPM MSI]
[    0.503242] acpi PNP0A03:00: fail to add MMCONFIG information, can't access extended PCI configuration space under this bridge.
[    0.505725] PCI host bridge to bus 0000:00
[    0.506551] pci_bus 0000:00: root bus resource [io  0x0000-0x0cf7 window]
[    0.507830] pci_bus 0000:00: root bus resource [io  0x0d00-0xffff window]
[    0.509056] pci_bus 0000:00: root bus resource [mem 0x000a0000-0x000bffff window]
[    0.510602] pci_bus 0000:00: root bus resource [mem 0x40000000-0xfdffffff window]
[    0.512114] pci_bus 0000:00: root bus resource [bus 00-ff]
[    0.514780] pci 0000:00:01.1: legacy IDE quirk: reg 0x10: [io  0x01f0-0x01f7]
[    0.516093] pci 0000:00:01.1: legacy IDE quirk: reg 0x14: [io  0x03f6]
[    0.517302] pci 0000:00:01.1: legacy IDE quirk: reg 0x18: [io  0x0170-0x0177]
[    0.518609] pci 0000:00:01.1: legacy IDE quirk: reg 0x1c: [io  0x0376]
[    0.539479] pci 0000:00:07.0: quirk: [io  0x4000-0x403f] claimed by PIIX4 ACPI
[    0.551791] pci 0000:00:07.0: quirk: [io  0x4100-0x410f] claimed by PIIX4 SMB
[    0.565790] ACPI: PCI Interrupt Link [LNKA] (IRQs 5 9 10 *11)
[    0.567620] ACPI: PCI Interrupt Link [LNKB] (IRQs 5 9 *10 11)
[    0.569252] ACPI: PCI Interrupt Link [LNKC] (IRQs 5 *9 10 11)
[    0.570890] ACPI: PCI Interrupt Link [LNKD] (IRQs 5 9 10 *11)
[    0.572432] ACPI: Enabled 2 GPEs in block 00 to 07
[    0.573756] vgaarb: setting as boot device: PCI:0000:00:02.0
[    0.574872] vgaarb: device added: PCI:0000:00:02.0,decodes=io+mem,owns=io+mem,locks=none
[    0.576450] vgaarb: loaded
[    0.577065] vgaarb: bridge control possible 0000:00:02.0
[    0.578298] SCSI subsystem initialized
[    0.579143] ACPI: bus type USB registered
[    0.580020] usbcore: registered new interface driver usbfs
[    0.581051] usbcore: registered new interface driver hub
[    0.582110] usbcore: registered new device driver usb
[    0.583236] PCI: Using ACPI for IRQ routing
[    0.584529] NetLabel: Initializing
[    0.585297] NetLabel:  domain hash size = 128
[    0.586269] NetLabel:  protocols = UNLABELED CIPSOv4
[    0.587220] NetLabel:  unlabeled traffic allowed by default
[    0.588428] amd_nb: Cannot enumerate AMD northbridges
[    0.589457] clocksource: Switched to clocksource kvm-clock
[    0.597282] AppArmor: AppArmor Filesystem Enabled
[    0.598486] pnp: PnP ACPI init
[    0.600007] pnp: PnP ACPI: found 3 devices
[    0.608190] clocksource: acpi_pm: mask: 0xffffff max_cycles: 0xffffff, max_idle_ns: 2085701024 ns
[    0.609978] NET: Registered protocol family 2
[    0.611113] TCP established hash table entries: 8192 (order: 4, 65536 bytes)
[    0.612405] TCP bind hash table entries: 8192 (order: 5, 131072 bytes)
[    0.613576] TCP: Hash tables configured (established 8192 bind 8192)
[    0.614840] UDP hash table entries: 512 (order: 2, 16384 bytes)
[    0.616010] UDP-Lite hash table entries: 512 (order: 2, 16384 bytes)
[    0.617287] NET: Registered protocol family 1
[    0.618166] pci 0000:00:00.0: Limiting direct PCI/PCI transfers
[    0.619300] pci 0000:00:01.0: Activating ISA DMA hang workarounds
[    0.620587] Unpacking initramfs...
[    0.883104] Freeing initrd memory: 14888K
[    0.884709] RAPL PMU detected, API unit is 2^-32 Joules, 3 fixed counters 10737418240 ms ovfl timer
[    0.887355] hw unit of domain pp0-core 2^-0 Joules
[    0.888726] hw unit of domain package 2^-0 Joules
[    0.890134] hw unit of domain pp1-gpu 2^-0 Joules
[    0.891512] clocksource: tsc: mask: 0xffffffffffffffff max_cycles: 0x2eef3b019e9, max_idle_ns: 440795359731 ns
[    0.894295] platform rtc_cmos: registered platform RTC device (no PNP device found)
[    0.896690] Scanning for low memory corruption every 60 seconds
[    0.898755] audit: initializing netlink subsys (disabled)
[    0.902754] audit: type=2000 audit(1700497302.710:1): initialized
[    0.904825] Initialise system trusted keyring
[    0.906328] HugeTLB registered 2 MB page size, pre-allocated 0 pages
[    0.910146] zbud: loaded
[    0.911506] VFS: Disk quotas dquot_6.6.0
[    0.912778] VFS: Dquot-cache hash table entries: 512 (order 0, 4096 bytes)
[    0.914983] squashfs: version 4.0 (2009/01/31) Phillip Lougher
[    0.916939] fuse init (API version 7.23)
[    0.918387] Key type big_key registered
[    0.919594] Allocating IMA MOK and blacklist keyrings.
[    0.921500] Key type asymmetric registered
[    0.922859] Asymmetric key parser 'x509' registered
[    0.924325] Block layer SCSI generic (bsg) driver version 0.4 loaded (major 249)
[    0.926608] io scheduler noop registered
[    0.927838] io scheduler deadline registered (default)
[    0.929330] io scheduler cfq registered
[    0.930842] pci_hotplug: PCI Hot Plug PCI Core version: 0.5
[    0.932384] pciehp: PCI Express Hot Plug Controller Driver version: 0.4
[    0.934377] ACPI: AC Adapter [AC] (on-line)
[    0.935702] input: Power Button as /devices/LNXSYSTM:00/LNXPWRBN:00/input/input0
[    0.939142] ACPI: Power Button [PWRF]
[    0.940435] input: Sleep Button as /devices/LNXSYSTM:00/LNXSLPBN:00/input/input1
[    0.942732] ACPI: Sleep Button [SLPF]
[    0.944631] GHES: HEST is not enabled!
[    0.946309] Serial: 8250/16550 driver, 32 ports, IRQ sharing enabled
[    0.969141] 00:02: ttyS0 at I/O 0x3f8 (irq = 4, base_baud = 115200) is a 16550A
[    0.973040] Linux agpgart interface v0.103
[    0.975004] loop: module loaded
[    0.976388] scsi host0: ata_piix
[    0.977216] scsi host1: ata_piix
[    0.978220] ata1: PATA max UDMA/33 cmd 0x1f0 ctl 0x3f6 bmdma 0xd000 irq 14
[    0.979892] ata2: PATA max UDMA/33 cmd 0x170 ctl 0x376 bmdma 0xd008 irq 15
[    0.982216] libphy: Fixed MDIO Bus: probed
[    0.983373] tun: Universal TUN/TAP device driver, 1.6
[    0.984717] tun: (C) 1999-2004 Max Krasnyansky <maxk@qualcomm.com>
[    0.986428] PPP generic driver version 2.4.2
[    0.987663] ehci_hcd: USB 2.0 'Enhanced' Host Controller (EHCI) Driver
[    0.989311] ehci-pci: EHCI PCI platform driver
[    0.990639] ehci-platform: EHCI generic platform driver
[    0.992022] ohci_hcd: USB 1.1 'Open' Host Controller (OHCI) Driver
[    0.993617] ohci-pci: OHCI PCI platform driver
[    0.994904] ohci-platform: OHCI generic platform driver
[    0.996274] uhci_hcd: USB Universal Host Controller Interface driver
[    0.997999] i8042: PNP: PS/2 Controller [PNP0303:PS2K,PNP0f03:PS2M] at 0x60,0x64 irq 1,12
[    1.000134] serio: i8042 KBD port at 0x60,0x64 irq 1
[    1.001134] serio: i8042 AUX port at 0x60,0x64 irq 12
[    1.002238] mousedev: PS/2 mouse device common for all mice
[    1.003523] input: AT Translated Set 2 keyboard as /devices/platform/i8042/serio0/input/input2
[    1.006014] rtc_cmos rtc_cmos: rtc core: registered rtc_cmos as rtc0
[    1.007633] rtc_cmos rtc_cmos: alarms up to one day, 114 bytes nvram
[    1.009245] i2c /dev entries driver
[    1.010376] device-mapper: uevent: version 1.0.3
[    1.011903] device-mapper: ioctl: 4.34.0-ioctl (2015-10-28) initialised: dm-devel@redhat.com
[    1.014409] ledtrig-cpu: registered to indicate activity on CPUs
[    1.016203] NET: Registered protocol family 10
[    1.017553] NET: Registered protocol family 17
[    1.018840] Key type dns_resolver registered
[    1.020225] registered taskstats version 1
[    1.021397] Loading compiled-in X.509 certificates
[    1.023415] Loaded X.509 cert 'Build time autogenerated kernel key: cf00e047681d67edb2720680708b7d9498083038'
[    1.025530] zswap: loaded using pool lzo/zbud
[    1.028648] Key type trusted registered
[    1.033023] Key type encrypted registered
[    1.034259] AppArmor: AppArmor sha1 policy hashing enabled
[    1.035592] ima: No TPM chip found, activating TPM-bypass!
[    1.037004] ima: Allocated hash algorithm: sha1
[    1.038298] evm: HMAC attrs: 0x1
[    1.039521]   Magic number: 15:55:389
[    1.040634] rtc_cmos rtc_cmos: setting system clock to 2023-11-20 16:21:36 UTC (1700497296)
[    1.044687] BIOS EDD facility v0.16 2004-Jun-25, 0 devices found
[    1.046382] EDD information not available.
[    1.163085] Freeing unused kernel memory: 1492K
[    1.164449] Write protecting the kernel read-only data: 14336k
[    1.166281] Freeing unused kernel memory: 1584K
[    1.167633] Freeing unused kernel memory: 52K
Loading, please wait...
starting version 229
[    1.183742] random: udevadm: uninitialized urandom read (16 bytes read, 2 bits of entropy available)
[    1.185972] random: udevadm: uninitialized urandom read (16 bytes read, 2 bits of entropy available)
[    1.189565] random: systemd-udevd: uninitialized urandom read (16 bytes read, 2 bits of entropy available)
[    1.191655] random: systemd-udevd: uninitialized urandom read (16 bytes read, 2 bits of entropy available)
[    1.193508] random: systemd-udevd: uninitialized urandom read (16 bytes read, 2 bits of entropy available)
[    1.195460] random: systemd-udevd: uninitialized urandom read (16 bytes read, 2 bits of entropy available)
[    1.208640] random: systemd-udevd: uninitialized urandom read (16 bytes read, 2 bits of entropy available)
[    1.210648] random: systemd-udevd: uninitialized urandom read (16 bytes read, 2 bits of entropy available)
[    1.212624] random: systemd-udevd: uninitialized urandom read (16 bytes read, 2 bits of entropy available)
[    1.218154] random: systemd-udevd: uninitialized urandom read (16 bytes read, 2 bits of entropy available)
[    1.323395] e1000: Intel(R) PRO/1000 Network Driver - version 7.3.21-k8-NAPI
[    1.324834] e1000: Copyright (c) 1999-2006 Intel Corporation.
[    1.333022] Fusion MPT base driver 3.04.20
[    1.334285] Copyright (c) 1999-2008 LSI Corporation
[    1.355752] Fusion MPT SPI Host driver 3.04.20
[    1.551088] input: ImExPS/2 Generic Explorer Mouse as /devices/platform/i8042/serio1/input/input4
[    1.746533] e1000 0000:00:03.0 eth0: (PCI:33MHz:32-bit) 02:be:82:6b:cc:1d
[    1.748381] e1000 0000:00:03.0 eth0: Intel(R) PRO/1000 Network Connection
[    1.751040] mptbase: ioc0: Initiating bringup
[    1.813791] ioc0: LSI53C1030 A0: Capabilities={Initiator}
[    1.975815] scsi host2: ioc0: LSI53C1030 A0, FwRev=00000000h, Ports=1, MaxQ=256, IRQ=20
[    2.092308] scsi 2:0:0:0: Direct-Access     VBOX     HARDDISK         1.0  PQ: 0 ANSI: 5
[    2.094959] scsi target2:0:0: Beginning Domain Validation
[    2.098047] scsi target2:0:0: Domain Validation skipping write tests
[    2.099690] scsi target2:0:0: Ending Domain Validation
[    2.101154] scsi target2:0:0: asynchronous
[    2.102440] scsi 2:0:1:0: Direct-Access     VBOX     HARDDISK         1.0  PQ: 0 ANSI: 5
[    2.104075] scsi target2:0:1: Beginning Domain Validation
[    2.106083] scsi target2:0:1: Domain Validation skipping write tests
[    2.107255] scsi target2:0:1: Ending Domain Validation
[    2.108426] scsi target2:0:1: asynchronous
[    2.265811] sd 2:0:0:0: Attached scsi generic sg0 type 0
[    2.267003] sd 2:0:0:0: [sda] 83886080 512-byte logical blocks: (42.9 GB/40.0 GiB)
[    2.268759] sd 2:0:1:0: [sdb] 20480 512-byte logical blocks: (10.5 MB/10.0 MiB)
[    2.270305] sd 2:0:1:0: Attached scsi generic sg1 type 0
[    2.271464] sd 2:0:0:0: [sda] Write Protect is off
[    2.272536] sd 2:0:1:0: [sdb] Write Protect is off
[    2.273535] sd 2:0:0:0: [sda] Incomplete mode parameter data
[    2.274742] sd 2:0:0:0: [sda] Assuming drive cache: write through
[    2.275897] sd 2:0:1:0: [sdb] Incomplete mode parameter data
[    2.276995] sd 2:0:1:0: [sdb] Assuming drive cache: write through
[    2.302139]  sda: sda1
[    2.303875] sd 2:0:0:0: [sda] Attached SCSI disk
[    2.365711] sd 2:0:1:0: [sdb] Attached SCSI disk
[    2.488104] e1000 0000:00:08.0 eth1: (PCI:33MHz:32-bit) 08:00:27:66:db:f8
[    2.489542] e1000 0000:00:08.0 eth1: Intel(R) PRO/1000 Network Connection
[    2.492423] e1000 0000:00:08.0 enp0s8: renamed from eth1
[    2.496733] e1000 0000:00:03.0 enp0s3: renamed from eth0
Begin: Loading essential drivers ... [    3.854530] md: linear personality registered for level -1
[    3.859349] md: multipath personality registered for level -4
[    3.864098] md: raid0 personality registered for level 0
[    3.869951] md: raid1 personality registered for level 1
[    3.945385] raid6: sse2x1   gen()  7604 MB/s
[    4.014122] raid6: sse2x1   xor()  6089 MB/s
[    4.095032] raid6: sse2x2   gen() 11358 MB/s
[    4.171866] raid6: sse2x2   xor()  7561 MB/s
[    4.241582] raid6: sse2x4   gen() 10105 MB/s
[    4.317532] raid6: sse2x4   xor()  7975 MB/s
[    4.318540] raid6: using algorithm sse2x2 gen() 11358 MB/s
[    4.319608] raid6: .... xor() 7561 MB/s, rmw enabled
[    4.320568] raid6: using ssse3x2 recovery algorithm
[    4.323918] xor: automatically using best checksumming function:
[    4.406481]    avx       : 63164.000 MB/sec
[    4.409679] async_tx: api initialized (async)
[    4.430874] md: raid6 personality registered for level 6
[    4.432134] md: raid5 personality registered for level 5
[    4.433177] md: raid4 personality registered for level 4
[    4.441890] md: raid10 personality registered for level 10
done.
Begin: Running /scripts/init-premount ... done.
Begin: Mounting root file system ... Begin: Running /scripts/local-top ... done.
Begin: Running /scripts/local-premount ... [    4.484459] Btrfs loaded
Scanning for Btrfs filesystems
done.
Warning: fsck not present, so skipping root file system
[    4.606944] EXT4-fs (sda1): mounted filesystem with ordered data mode. Opts: (null)
done.
Begin: Running /scripts/local-bottom ... done.
Begin: Running /scripts/init-bottom ... done.
[    5.399726] systemd[1]: systemd 229 running in system mode. (+PAM +AUDIT +SELINUX +IMA +APPARMOR +SMACK +SYSVINIT +UTMP +LIBCRYPTSETUP +GCRYPT +GNUTLS +ACL +XZ -LZ4 +SECCOMP +BLKID +ELFUTILS +KMOD -IDN)
[    5.406285] systemd[1]: Detected virtualization oracle.
[    5.407859] systemd[1]: Detected architecture x86-64.

Welcome to [1mUbuntu 16.04.7 LTS[0m!

[    5.436724] systemd[1]: Set hostname to <ubuntu>.
[    5.454064] systemd[1]: Initializing machine ID from random generator.
[    5.457390] systemd[1]: Installed transient /etc/machine-id file.
[    5.603210] random: nonblocking pool is initialized
[    6.400091] systemd[1]: Listening on Journal Socket (/dev/log).
[[0;32m  OK  [0m] Listening on Journal Socket (/dev/log).
[    6.403153] systemd[1]: Created slice System Slice.
[[0;32m  OK  [0m] Created slice System Slice.
[    6.405626] systemd[1]: Created slice system-serial\x2dgetty.slice.
[[0;32m  OK  [0m] Created slice system-serial\x2dgetty.slice.
[    6.407770] systemd[1]: Listening on Device-mapper event daemon FIFOs.
[[0;32m  OK  [0m] Listening on Device-mapper event daemon FIFOs.
[    6.410000] systemd[1]: Created slice User and Session Slice.
[[0;32m  OK  [0m] Created slice User and Session Slice.
[    6.417981] systemd[1]: Set up automount Arbitrary Executable File Formats File System Automount Point.
[[0;32m  OK  [0m] Set up automount Arbitrary Executab...ats File System Automount Point.
[    6.422107] systemd[1]: Listening on fsck to fsckd communication Socket.
[[0;32m  OK  [0m] Listening on fsck to fsckd communication Socket.
[    6.424848] systemd[1]: Reached target Swap.
[[0;32m  OK  [0m] Reached target Swap.
[    6.427402] systemd[1]: Started Forward Password Requests to Wall Directory Watch.
[[0;32m  OK  [0m] Started Forward Password Requests to Wall Directory Watch.
[    6.432412] systemd[1]: Reached target Slices.
[[0;32m  OK  [0m] Reached target Slices.
[    6.434513] systemd[1]: Listening on udev Kernel Socket.
[[0;32m  OK  [0m] Listening on udev Kernel Socket.
[    6.438756] systemd[1]: Listening on Syslog Socket.
[[0;32m  OK  [0m] Listening on Syslog Socket.
[    6.441987] systemd[1]: Listening on LVM2 metadata daemon socket.
[[0;32m  OK  [0m] Listening on LVM2 metadata daemon socket.
[    6.445544] systemd[1]: Reached target System Time Synchronized.
[[0;32m  OK  [0m] Reached target System Time Synchronized.
[    6.448464] systemd[1]: Started Trigger resolvconf update for networkd DNS.
[[0;32m  OK  [0m] Started Trigger resolvconf update for networkd DNS.
[    6.451776] systemd[1]: Listening on Journal Audit Socket.
[[0;32m  OK  [0m] Listening on Journal Audit Socket.
[    6.454409] systemd[1]: Reached target User and Group Name Lookups.
[[0;32m  OK  [0m] Reached target User and Group Name Lookups.
[    6.457357] systemd[1]: Listening on LVM2 poll daemon socket.
[[0;32m  OK  [0m] Listening on LVM2 poll daemon socket.
[    6.460125] systemd[1]: Reached target Encrypted Volumes.
[[0;32m  OK  [0m] Reached target Encrypted Volumes.
[    6.462765] systemd[1]: Listening on udev Control Socket.
[[0;32m  OK  [0m] Listening on udev Control Socket.
[    6.465417] systemd[1]: Listening on Journal Socket.
[[0;32m  OK  [0m] Listening on Journal Socket.
[    6.468487] systemd[1]: Starting Nameserver information manager...
         Starting Nameserver information manager...
[    6.471219] systemd[1]: Starting Set console keymap...
         Starting Set console keymap...
[    6.511487] systemd[1]: Starting Load Kernel Modules...
         Starting Load Kernel Modules...
[    6.518288] systemd[1]: Starting Journal Service...
         Starting Journal Service...
[    6.524413] systemd[1]: Mounting Debug File System...
         Mounting Debug File System...
[    6.532806] systemd[1]: Mounting Huge Pages File System...
         Mounting Huge Pages File System...
[    6.548471] systemd[1]: Starting Create list of required static device nodes for the current kernel...
         Starting Create list of required st... nodes for the current kernel...
[    6.557085] systemd[1]: Mounting POSIX Message Queue File System...
         Mounting POSIX Message Queue File System...
[    6.568663] systemd[1]: Starting Monitoring of LVM2 mirrors, snapshots etc. using dmeventd or progress polling...
         Starting Monitoring of LVM2 mirrors... dmeventd or progress polling...
[    6.579826] systemd[1]: Listening on /dev/initctl Compatibility Named Pipe.
[[0;32m  OK  [0m] Listening on /dev/initctl Compatibility Named Pipe.
[    6.590654] systemd[1]: Starting Uncomplicated firewall...
         Starting Uncomplicated firewall...
[    6.599815] systemd[1]: Starting File System Check on Root Device...
         Starting File System Check on Root Device...
[    6.610034] systemd[1]: Mounted Huge Pages File System.
[[0;32m  OK  [0m] Mounted Huge Pages File System.
[    6.612732] systemd[1]: Mounted POSIX Message Queue File System.
[[0;32m  OK  [0m] Mounted POSIX Message Queue File System.
[    6.621271] systemd[1]: Mounted Debug File System.
[[0;32m  OK  [0m] Mounted Debug File System.
[    6.658885] systemd[1]: Started Create list of required static device nodes for the current kernel.
[[0;32m  OK  [0m] Started Create list of required sta...ce nodes for the current kernel.
[    6.666266] systemd[1]: Started Set console keymap.
[[0;32m  OK  [0m] Started Set console keymap.
[    6.672286] Loading iSCSI transport class v2.0-870.
[    6.675165] systemd[1]: Started File System Check Daemon to report status.
[[0;32m  OK  [0m] Started File System Check Daemon to report status.
[    6.680963] systemd[1]: Starting Create Static Device Nodes in /dev...
         Starting Create Static Device Nodes in /dev...
[    6.690014] systemd[1]: Started Nameserver information manager.
[[0;32m  OK  [0m] Started Nameserver information manager.
[    6.756979] iscsi: registered transport (tcp)
[    6.761133] systemd[1]: Started Uncomplicated firewall.
[[0;32m  OK  [0m] Started Uncomplicated firewall.
[    6.931604] systemd[1]: Started Journal Service.
[[0;32m  OK  [0m] Started Journal Service.
[[0;32m  OK  [0m] Started File System Check on Root Device.
         Starting Remount Root and Kernel File Systems...
[    7.007952] iscsi: registered transport (iser)
[[0;32m  OK  [0m] Started Load Kernel Modules.
         Mounting FUSE Control File System...
         Starting Apply Kernel Variables...
[[0;32m  OK  [0m] Mounted FUSE Control File System.
[    7.039779] EXT4-fs (sda1): re-mounted. Opts: (null)
[[0;32m  OK  [0m] Started Remount Root and Kernel File Systems.
         Starting Flush Journal to Persistent Storage...
         Starting Load/Save Random Seed...
         Starting udev Coldplug all Devices...
[[0;32m  OK  [0m] Started LVM2 metadata daemon.
[    7.168498] systemd-journald[364]: Received request to flush runtime journal from PID 1
[[0;32m  OK  [0m] Started Flush Journal to Persistent Storage.
[[0;32m  OK  [0m] Started Load/Save Random Seed.
[[0;32m  OK  [0m] Started Apply Kernel Variables.
[[0;32m  OK  [0m] Started udev Coldplug all Devices.
[[0;32m  OK  [0m] Started Create Static Device Nodes in /dev.
         Starting udev Kernel Device Manager...
[[0;32m  OK  [0m] Started Monitoring of LVM2 mirrors,...ng dmeventd or progress polling.
[[0;32m  OK  [0m] Reached target Local File Systems (Pre).
[[0;32m  OK  [0m] Reached target Local File Systems.
         Starting Initial cloud-init job (pre-networking)...
         Starting Commit a transient machine-id on disk...
         Starting Tell Plymouth To Write Out Runtime Data...
         Starting LSB: AppArmor initialization...
         Starting Create Volatile Files and Directories...
         Starting Set console font and keymap...
[[0;32m  OK  [0m] Started Commit a transient machine-id on disk.
[[0;32m  OK  [0m] Started Tell Plymouth To Write Out Runtime Data.
[[0;32m  OK  [0m] Started Create Volatile Files and Directories.
         Starting Update UTMP about System Boot/Shutdown...
[[0;32m  OK  [0m] Started Update UTMP about System Boot/Shutdown.
[[0;32m  OK  [0m] Started udev Kernel Device Manager.
[[0;32m  OK  [0m] Started Dispatch Password Requests to Console Directory Watch.
[[0;32m  OK  [0m] Started Set console font and keymap.
[[0;32m  OK  [0m] Created slice system-getty.slice.
[[0;32m  OK  [0m] Found device /dev/ttyS0.
[[0;32m  OK  [0m] Listening on Load/Save RF Kill Switch Status /dev/rfkill Watch.
[[0;32m  OK  [0m] Started LSB: AppArmor initialization.
         Starting Load AppArmor profiles managed internally by snapd...
[[0;32m  OK  [0m] Started Load AppArmor profiles managed internally by snapd.
[   28.538850] cloud-init[466]: Cloud-init v. 21.1-19-gbad84ad4-0ubuntu1~16.04.2 running 'init-local' at Mon, 20 Nov 2023 16:22:03 +0000. Up 27.95 seconds.
[[0;32m  OK  [0m] Started Initial cloud-init job (pre-networking).
[[0;32m  OK  [0m] Reached target Network (Pre).
         Starting Raise network interfaces...
[[0;32m  OK  [0m] Started Raise network interfaces.
[[0;32m  OK  [0m] Reached target Network.
         Starting Initial cloud-init job (metadata service crawler)...
[   32.359817] cloud-init[959]: Cloud-init v. 21.1-19-gbad84ad4-0ubuntu1~16.04.2 running 'init' at Mon, 20 Nov 2023 16:22:05 +0000. Up 29.36 seconds.
[   32.362514] cloud-init[959]: ci-info: ++++++++++++++++++++++++++++++++++++++Net device info+++++++++++++++++++++++++++++++++++++++
[   32.365037] cloud-init[959]: ci-info: +--------+-------+----------------------------+---------------+--------+-------------------+
[   32.379323] cloud-init[959]: ci-info: | Device |   Up  |          Address           |      Mask     | Scope  |     Hw-Address    |
[   32.380931] cloud-init[959]: ci-info: +--------+-------+----------------------------+---------------+--------+-------------------+
[   32.382535] cloud-init[959]: ci-info: | enp0s3 |  True |         10.0.2.15          | 255.255.255.0 | global | 02:be:82:6b:cc:1d |
[   32.384134] cloud-init[959]: ci-info: | enp0s3 |  True | fe80::be:82ff:fe6b:cc1d/64 |       .       |  link  | 02:be:82:6b:cc:1d |
[   32.388662] cloud-init[959]: ci-info: | enp0s8 | False |             .              |       .       |   .    | 08:00:27:66:db:f8 |
[   32.399555] cloud-init[959]: ci-info: |   lo   |  True |         127.0.0.1          |   255.0.0.0   |  host  |         .         |
[   32.402033] cloud-init[959]: ci-info: |   lo   |  True |          ::1/128           |       .       |  host  |         .         |
[   32.404479] cloud-init[959]: ci-info: +--------+-------+----------------------------+---------------+--------+-------------------+
[   32.408378] cloud-init[959]: ci-info: +++++++++++++++++++++++++++Route IPv4 info++++++++++++++++++++++++++++
[   32.419771] cloud-init[959]: ci-info: +-------+-------------+----------+---------------+-----------+-------+
[   32.422027] cloud-init[959]: ci-info: | Route | Destination | Gateway  |    Genmask    | Interface | Flags |
[   32.424218] cloud-init[959]: ci-info: +-------+-------------+----------+---------------+-----------+-------+
[   32.426377] cloud-init[959]: ci-info: |   0   |   0.0.0.0   | 10.0.2.2 |    0.0.0.0    |   enp0s3  |   UG  |
[   32.440587] cloud-init[959]: ci-info: |   1   |   10.0.2.0  | 0.0.0.0  | 255.255.255.0 |   enp0s3  |   U   |
[   32.442654] cloud-init[959]: ci-info: +-------+-------------+----------+---------------+-----------+-------+
[   32.460397] cloud-init[959]: ci-info: +++++++++++++++++++Route IPv6 info+++++++++++++++++++
[   32.461550] cloud-init[959]: ci-info: +-------+-------------+---------+-----------+-------+
[   32.462951] cloud-init[959]: ci-info: | Route | Destination | Gateway | Interface | Flags |
[   32.468835] cloud-init[959]: ci-info: +-------+-------------+---------+-----------+-------+
[   32.469942] cloud-init[959]: ci-info: |   0   |  fe80::/64  |    ::   |   enp0s3  |   U   |
[   32.471328] cloud-init[959]: ci-info: |   3   |   ff00::/8  |    ::   |   enp0s3  |   U   |[[0;32m  OK  [0m] Started Initial cloud-init job (metadata service crawler).
[[0;32m  OK  [0m] Reached target System Initialization.

[   32.480634] cloud-init[959]: ci-info: +-------+-------------+---------+-----------+-------+
[   32.481968] cloud-init[959]: Generating public/private rsa key pair.
[   32.483209] cloud-init[959]: Your identification has been saved in /etc/ssh/ssh_host_rsa_key.
[   32.485716] cloud-init[959]: Your public key has been saved in /etc/ssh/ssh_host_rsa_key.pub.
         Starting LXD - unix socket.
[   32.492106] cloud-init[959]: The key fingerprint is:
[   32.492994] cloud-init[959]: SHA256:l4dSzaWWpgtY07bcGw3g/EA8IdmzKojMkFkYmRxRBPU root@ubuntu-xenial
[   32.494371] cloud-init[959]: The key's randomart image is:
[   32.495394] cloud-init[959]: +---[RSA 2048]----+
[   32.496124] cloud-init[959]: |oOB+    .++.  .  |
[   32.497540] cloud-init[959]: |+.. .   .*=+ +   |
[   32.499079] cloud-init[959]: | +   E  o B+O    |
[   32.501154] cloud-init[959]: |+      o =.@ o   |
[[0;32m  OK  [0m] Started ACPI Events Check.
[[0;32m  OK  [0m] Reached target Paths.
[   32.506488] cloud-init[959]: | + . .. S.B = .  |
[[0;32m  OK  [0m] Listening on UUID daemon activation socket.
[   32.509181] cloud-init[959]: |  + . . .+ o o   |
[[0;32m  OK  [0m] Started Daily apt download activities.
[   32.511833] cloud-init[959]: |       .  . .    |
[[0;32m  OK  [0m] Started Daily apt upgrade and clean activities.
[   32.514694] cloud-init[959]: |                 |
[   32.516131] cloud-init[959]: |                 |
[   32.517144] cloud-init[959]: +----[SHA256]-----+
[   32.518135] cloud-init[959]: Generating public/private dsa key pair.
[   32.519394] cloud-init[959]: Your identification has been saved in /etc/ssh/ssh_host_dsa_key.[[0;32m  OK  [0m] Started Daily Cleanup of Temporary Directories.
[[0;32m  OK  [0m] Started Ubuntu Advantage update messaging.
[[0;32m  OK  [0m] Started Message of the Day.
[[0;32m  OK  [0m] Reached target Timers.
         Starting Socket activation for snappy daemon.
[[0;32m  OK  [0m] Listening on D-Bus System Message Bus Socket.
[[0;32m  OK  [0m
[   32.528373] cloud-init[959]: Your public key has been saved in /etc/ssh/ssh_host_dsa_key.pub.
[   32.529967] cloud-init[959]: The key fingerprint is:
[   32.531007] cloud-init[959]: SHA256:4n6CdyH4G1mzorWM4DpL+qCt4wwyOIDastpQ57i4p/s root@ubuntu-xenial] Listening on ACPID Listen Socket.
[[0;32m  OK  [0m] Reached target Cloud-config availability.
[[0;32m  OK  [0m] Reached target Network is Online.

[   32.536322] cloud-init[959]: The key's randomart image is:
         Starting iSCSI initiator daemon (iscsid)...
[   32.539410] cloud-init[959]: +---[DSA 1024]----+
[   32.540695] cloud-init[959]: |                 |
[[0;32m  OK  [0m] Listening on LXD - unix socket.
[   32.543916] cloud-init[959]: |                 |
[   32.546066] cloud-init[959]: |                 |
[[0;32m  OK  [0m] Listening on Socket activation for snappy daemon.[   32.548886] cloud-init[959]: |.                |
[   32.549563] cloud-init[959]: |o . ... S        |
[   32.549911] cloud-init[959]: |+o +...+.o       |
[   32.551531] cloud-init[959]: 
[[0;32m  OK  [0m] Reached target Sockets.
[[0;32m  OK  [0m] Reached target Basic System.
         Starting LSB: MD monitoring daemon...
|@.+ .o*...       |
[   32.560949] cloud-init[959]: |X%.o.*++o        |
[   32.561785] cloud-init[959]: |//E o.==         |
[[0;32m  OK  [0m] Started ACPI event daemon.
[   32.573842] cloud-init[959]: +----[SHA256]-----+
[   32.575295] cloud-init[959]: Generating public/private ecdsa key pair.         Starting Virtualbox guest utils...
         Starting System Logging Service...

[   32.581997] cloud-init[959]: Your identification has been saved in /etc/ssh/ssh_host_ecdsa_key.
[   32.583758] cloud-init[959]: Your public key has been saved in /etc/ssh/ssh_host_ecdsa_key.pub.
[   32.585763] cloud-init[959]: The key fingerprint is:
[   32.586474] cloud-init[959]: SHA256:a2xZketne/EsFmF2xIOyMyfiPK9iFkDJLno4vZ6fxOk root@ubuntu-xenial[[0;32m  OK  [0m] Started Deferred execution scheduler.

[   32.592610] cloud-init[959]: The key's randomart image is:
[   32.594973] cloud-init[959]: +---[ECDSA 256]---+
[   32.595898] cloud-init[959]: |    . .       .. |
[   32.601385] cloud-init[959]: |     +     o . .o|
[   32.608372] cloud-init[959]: |    o     o o  ..|
         Starting Login Service...
         Starting LXD - container startup/shutdown...
[   32.610015] cloud-init[959]: |   . o   . B .+ .|
[   32.620249] cloud-init[959]: |  + . . S + =o o |
         Starting LSB: Record successful boot for GRUB...[   32.624581] cloud-init[959]: | + o. .o O    o  |
[   32.625583] cloud-init[959]: |  o .+  B + o  = |
[   32.626698] cloud-init[959]: |   .+ .*   + .+ o|

[   32.633559] cloud-init[959]: |  .o.Eo ... .o . |
[   32.636191] cloud-init[959]: +----[SHA256]-----+
[   32.637379] cloud-init[959]: Generating public/private ed25519 key pair.
[   32.638940] cloud-init[959]: Your identification has been saved in /etc/ssh/ssh_host_ed25519_key.
[   32.641305] cloud-init[959]: Your public key has been saved in /etc/ssh/ssh_host_ed25519_key.pub.
[   32.643306] cloud-init[959]: The key fingerprint is:
[   32.644617] cloud-init[959]: SHA256:3iRKoCG039HzfO/ZebGrHjsX32VzqCZiRCfXMkb0c1k root@ubuntu-xenial
[   32.646569] cloud-init[959]:          Starting Pollinate to seed the pseudo random number generator...
         Starting Accounts Service...
The key's randomart image is:
[   32.652941] cloud-init[959]: +--[ED25519 256]--+
[   32.656704] cloud-init[959]: | .       ..     E|
[   32.659440] cloud-init[959]: |. .   .   ..   o |
[   32.661825] cloud-init[959]: |... .. o . .o o  |
[   32.663406] cloud-init[959]: | ..o... * * .o   |
[   32.665578] cloud-init[959]: |  .. ...SB.+   . |
[   32.666527] cloud-init[959]: |     . o.+. . .++|
[   32.667434] cloud-init[959]: |      ... .  + .X|
[   32.668180] cloud-init[959]: |        o . +.=o=|
[   32.668794] cloud-init[959]: |       . . o.*++o|
[   32.669720] cloud-init[959]: +----[SHA256]-----+
[[0;32m  OK  [0m] Started Regular background program processing daemon.
         Starting Snap Daemon...
[[0;32m  OK  [0m] Started FUSE filesystem for LXC.
         Starting /etc/rc.local Compatibility...
[[0;32m  OK  [0m] Started D-Bus System Message Bus.
[[0;32m  OK  [0m] Started System Logging Service.
[[0;32m  OK  [0m] Started /etc/rc.local Compatibility.
[[0;32m  OK  [0m] Started Login Service.
[[0;32m  OK  [0m] Started Unattended Upgrades Shutdown.
[[0;32m  OK  [0m] Started iSCSI initiator daemon (iscsid).
         Starting Login to default iSCSI targets...
[[0;32m  OK  [0m] Started LSB: Record successful boot for GRUB.
[[0;32m  OK  [0m] Started LSB: MD monitoring daemon.
         Starting Authenticate and Authorize Users to Run Privileged Tasks...
[[0;32m  OK  [0m] Started Login to default iSCSI targets.
[[0;32m  OK  [0m] Reached target Remote File Systems (Pre).
[[0;32m  OK  [0m] Reached target Remote File Systems.
         Starting LSB: Set the CPU Frequency Scaling governor to "ondemand"...
         Starting LSB: automatic crash report generation...
         Starting LSB: daemon to balance interrupts for SMP systems...
         Starting Permit User Sessions...
[[0;32m  OK  [0m] Started LSB: Set the CPU Frequency Scaling governor to "ondemand".
[[0;32m  OK  [0m] Started Permit User Sessions.
         Starting Terminate Plymouth Boot Screen...
         Starting Hold until boot process finishes up...
[[0;32m  OK  [0m] Started Hold until boot process finishes up.
[[0;32m  OK  [0m] Started Terminate Plymouth Boot Screen.
[[0;32m  OK  [0m] Started Getty on tty1.
[[0;32m  OK  [0m] Started Serial Getty on ttyS0.
[[0;32m  OK  [0m] Reached target Login Prompts.
         Starting Set console scheme...
[[0;32m  OK  [0m] Started Set console scheme.
[[0;32m  OK  [0m] Started LSB: automatic crash report generation.
[[0;32m  OK  [0m] Started LSB: daemon to balance interrupts for SMP systems.
[[0;32m  OK  [0m] Started Authenticate and Authorize Users to Run Privileged Tasks.
[[0;32m  OK  [0m] Started Accounts Service.
[[0;32m  OK  [0m] Started Virtualbox guest utils.
[[0;32m  OK  [0m] Started Pollinate to seed the pseudo random number generator.
         Starting OpenBSD Secure Shell server...
[[0;32m  OK  [0m] Started OpenBSD Secure Shell server.
[[0;32m  OK  [0m] Started LXD - container startup/shutdown.
[[0;32m  OK  [0m] Started Snap Daemon.
         Starting Wait until snapd is fully seeded...

Ubuntu 16.04.7 LTS ubuntu-xenial ttyS0

ubuntu-xenial login: [   47.824525] cloud-init[1558]: Generating locales (this might take a while)...
[   53.155278] cloud-init[1558]:   en_US.UTF-8... done
[   53.157899] cloud-init[1558]: Generation complete.
[   58.956304] cloud-init[1558]: Cloud-init v. 21.1-19-gbad84ad4-0ubuntu1~16.04.2 running 'modules:config' at Mon, 20 Nov 2023 16:22:21 +0000. Up 45.63 seconds.
ci-info: no authorized SSH keys fingerprints found for user ubuntu.
<14>Nov 20 16:22:35 ec2: 
<14>Nov 20 16:22:35 ec2: #############################################################
<14>Nov 20 16:22:35 ec2: -----BEGIN SSH HOST KEY FINGERPRINTS-----
<14>Nov 20 16:22:35 ec2: 1024 SHA256:4n6CdyH4G1mzorWM4DpL+qCt4wwyOIDastpQ57i4p/s root@ubuntu-xenial (DSA)
<14>Nov 20 16:22:35 ec2: 256 SHA256:a2xZketne/EsFmF2xIOyMyfiPK9iFkDJLno4vZ6fxOk root@ubuntu-xenial (ECDSA)
<14>Nov 20 16:22:35 ec2: 256 SHA256:3iRKoCG039HzfO/ZebGrHjsX32VzqCZiRCfXMkb0c1k root@ubuntu-xenial (ED25519)
<14>Nov 20 16:22:35 ec2: 2048 SHA256:l4dSzaWWpgtY07bcGw3g/EA8IdmzKojMkFkYmRxRBPU root@ubuntu-xenial (RSA)
<14>Nov 20 16:22:35 ec2: -----END SSH HOST KEY FINGERPRINTS-----
<14>Nov 20 16:22:35 ec2: #############################################################
-----BEGIN SSH HOST KEY KEYS-----
ecdsa-sha2-nistp256 AAAAE2VjZHNhLXNoYTItbmlzdHAyNTYAAAAIbmlzdHAyNTYAAABBBM99IsiMgGVBhz/YqyuBJMF3BMvcxostYjW1W40OO1HqcHt/mua5RDCLJWtom1o3yls+4El+icrNBEAlYQp66C4= root@ubuntu-xenial
ssh-ed25519 AAAAC3NzaC1lZDI1NTE5AAAAILTbopuTE6gMvJSVuwa/YJRPUvh95hSKUORctji6xJRf root@ubuntu-xenial
ssh-rsa AAAAB3NzaC1yc2EAAAADAQABAAABAQC04An/0ZN9NrWFGKMkCZ1eYKopBYSqDsIOKHp5N4VpxGTh+eBBNWn3zyhu6Q2C3jJp4XjcGIB1mQAIL/xxXSyVI7C98HyHMoX1uNnOcckkbKO4wLKimIi7i/3td7OlOzmpYN6Rwssq4sb23uqNrAKs6r42L0L1nBBfbbZoPsqCByqfBGeBVRRjdZ8SklQNxVL4/8NoG+ZKZzfFODECVcNVrWQkfaG6KP5uKGwf1d2j3pV9OH5qtcFNdjcYeIVTypYPO7Cs/3Q65LXeby9pFFQTutH9VHO+NIzXsNjwje+GTdGj0oSwQYzDagY3ldEuudrWw3JtrnKbVoc6zPpMmIGv root@ubuntu-xenial
-----END SSH HOST KEY KEYS-----
[   60.025000] cloud-init[1822]: Cloud-init v. 21.1-19-gbad84ad4-0ubuntu1~16.04.2 running 'modules:final' at Mon, 20 Nov 2023 16:22:35 +0000. Up 59.49 seconds.
[   60.027501] cloud-init[1822]: ci-info: no authorized SSH keys fingerprints found for user ubuntu.
[   60.032690] cloud-init[1822]: Cloud-init v. 21.1-19-gbad84ad4-0ubuntu1~16.04.2 finished at Mon, 20 Nov 2023 16:22:35 +0000. Datasource DataSourceNoCloud [seed=/dev/sdb][dsmode=net].  Up 60.01 seconds
